--------------------------------------------------------------------------------
Release 14.7 Trace  (nt)
Copyright (c) 1995-2013 Xilinx, Inc.  All rights reserved.

C:\Xilinx\14.7\ISE_DS\ISE\bin\nt\unwrapped\trce.exe -intstyle ise -v 3 -s 2 -n
3 -fastpaths -xml comparator_4bit.twx comparator_4bit.ncd -o
comparator_4bit.twr comparator_4bit.pcf

Design file:              comparator_4bit.ncd
Physical constraint file: comparator_4bit.pcf
Device,package,speed:     xc6slx9,tqg144,C,-2 (PRODUCTION 1.23 2013-10-13)
Report level:             verbose report

Environment Variable      Effect 
--------------------      ------ 
NONE                      No environment variables were set
--------------------------------------------------------------------------------

INFO:Timing:2698 - No timing constraints found, doing default enumeration.
INFO:Timing:3412 - To improve timing, see the Timing Closure User Guide (UG612).
INFO:Timing:2752 - To get complete path coverage, use the unconstrained paths 
   option. All paths that are not constrained will be reported in the 
   unconstrained paths section(s) of the report.
INFO:Timing:3339 - The clock-to-out numbers in this timing report are based on 
   a 50 Ohm transmission line loading model.  For the details of this model, 
   and for more information on accounting for different loading conditions, 
   please see the device datasheet.



Data Sheet report:
-----------------
All values displayed in nanoseconds (ns)

Pad to Pad
---------------+---------------+---------+
Source Pad     |Destination Pad|  Delay  |
---------------+---------------+---------+
a<0>           |eq             |   10.054|
a<0>           |gr             |    8.783|
a<0>           |lt             |    9.322|
a<1>           |eq             |   10.366|
a<1>           |gr             |    9.095|
a<1>           |lt             |    9.634|
a<2>           |eq             |    8.921|
a<2>           |gr             |    8.208|
a<2>           |lt             |    8.749|
a<3>           |eq             |    9.145|
a<3>           |gr             |    8.588|
a<3>           |lt             |    8.948|
b<0>           |eq             |   10.931|
b<0>           |gr             |    9.660|
b<0>           |lt             |   10.199|
b<1>           |eq             |   10.534|
b<1>           |gr             |    9.263|
b<1>           |lt             |    9.802|
b<2>           |eq             |    9.436|
b<2>           |gr             |    8.801|
b<2>           |lt             |    9.485|
b<3>           |eq             |    9.394|
b<3>           |gr             |    8.786|
b<3>           |lt             |    9.231|
---------------+---------------+---------+


Analysis completed Wed Mar 02 21:27:43 2022 
--------------------------------------------------------------------------------

Trace Settings:
-------------------------
Trace Settings 

Peak Memory Usage: 144 MB



